Archive member included because of file (symbol)

c:/program files (x86)/atmel/avr tools/avr toolchain/bin/../lib/gcc/avr/4.5.1/avr5\libgcc.a(_divmodhi4.o)
                              max7219.o (__divmodhi4)
c:/program files (x86)/atmel/avr tools/avr toolchain/bin/../lib/gcc/avr/4.5.1/avr5\libgcc.a(_exit.o)
                              c:/program files (x86)/atmel/avr tools/avr toolchain/bin/../lib/gcc/avr/4.5.1/../../../../avr/lib/avr5/crtm328p.o (exit)
c:/program files (x86)/atmel/avr tools/avr toolchain/bin/../lib/gcc/avr/4.5.1/avr5\libgcc.a(_copy_data.o)
                              rtos.o (__do_copy_data)
c:/program files (x86)/atmel/avr tools/avr toolchain/bin/../lib/gcc/avr/4.5.1/avr5\libgcc.a(_clear_bss.o)
                              interface.o (__do_clear_bss)
c:/program files (x86)/atmel/avr tools/avr toolchain/bin/../lib/gcc/avr/4.5.1/avr5\libgcc.a(_udivmodhi4.o)
                              c:/program files (x86)/atmel/avr tools/avr toolchain/bin/../lib/gcc/avr/4.5.1/avr5\libgcc.a(_divmodhi4.o) (__udivmodhi4)

Memory Configuration

Name             Origin             Length             Attributes
text             0x00000000         0x00020000         xr
data             0x00800060         0x0000ffa0         rw !x
eeprom           0x00810000         0x00010000         rw !x
fuse             0x00820000         0x00000400         rw !x
lock             0x00830000         0x00000400         rw !x
signature        0x00840000         0x00000400         rw !x
*default*        0x00000000         0xffffffff

Linker script and memory map

Address of section .data set to 0x800100
LOAD c:/program files (x86)/atmel/avr tools/avr toolchain/bin/../lib/gcc/avr/4.5.1/../../../../avr/lib/avr5/crtm328p.o
LOAD termo_mvn.o
LOAD interface.o
LOAD kbd.o
LOAD rtos.o
LOAD max7219.o
LOAD ds18x20.o
LOAD c:/program files (x86)/atmel/avr tools/avr toolchain/bin/../lib/gcc/avr/4.5.1/avr5\libgcc.a
LOAD c:/program files (x86)/atmel/avr tools/avr toolchain/bin/../lib/gcc/avr/4.5.1/../../../../avr/lib/avr5\libc.a
LOAD c:/program files (x86)/atmel/avr tools/avr toolchain/bin/../lib/gcc/avr/4.5.1/avr5\libgcc.a

.hash
 *(.hash)

.dynsym
 *(.dynsym)

.dynstr
 *(.dynstr)

.gnu.version
 *(.gnu.version)

.gnu.version_d
 *(.gnu.version_d)

.gnu.version_r
 *(.gnu.version_r)

.rel.init
 *(.rel.init)

.rela.init
 *(.rela.init)

.rel.text
 *(.rel.text)
 *(.rel.text.*)
 *(.rel.gnu.linkonce.t*)

.rela.text
 *(.rela.text)
 *(.rela.text.*)
 *(.rela.gnu.linkonce.t*)

.rel.fini
 *(.rel.fini)

.rela.fini
 *(.rela.fini)

.rel.rodata
 *(.rel.rodata)
 *(.rel.rodata.*)
 *(.rel.gnu.linkonce.r*)

.rela.rodata
 *(.rela.rodata)
 *(.rela.rodata.*)
 *(.rela.gnu.linkonce.r*)

.rel.data
 *(.rel.data)
 *(.rel.data.*)
 *(.rel.gnu.linkonce.d*)

.rela.data
 *(.rela.data)
 *(.rela.data.*)
 *(.rela.gnu.linkonce.d*)

.rel.ctors
 *(.rel.ctors)

.rela.ctors
 *(.rela.ctors)

.rel.dtors
 *(.rel.dtors)

.rela.dtors
 *(.rela.dtors)

.rel.got
 *(.rel.got)

.rela.got
 *(.rela.got)

.rel.bss
 *(.rel.bss)

.rela.bss
 *(.rela.bss)

.rel.plt
 *(.rel.plt)

.rela.plt
 *(.rela.plt)

.text           0x00000000      0xc86
 *(.vectors)
 .vectors       0x00000000       0x68 c:/program files (x86)/atmel/avr tools/avr toolchain/bin/../lib/gcc/avr/4.5.1/../../../../avr/lib/avr5/crtm328p.o
                0x00000000                __vector_default
                0x00000000                __vectors
 *(.vectors)
 *(.progmem.gcc*)
 *(.progmem*)
                0x00000068                . = ALIGN (0x2)
                0x00000068                __trampolines_start = .
 *(.trampolines)
 .trampolines   0x00000068        0x0 linker stubs
 *(.trampolines*)
                0x00000068                __trampolines_end = .
 *(.jumptables)
 *(.jumptables*)
 *(.lowtext)
 *(.lowtext*)
                0x00000068                __ctors_start = .
 *(.ctors)
                0x00000068                __ctors_end = .
                0x00000068                __dtors_start = .
 *(.dtors)
                0x00000068                __dtors_end = .
 SORT(*)(.ctors)
 SORT(*)(.dtors)
 *(.init0)
 .init0         0x00000068        0x0 c:/program files (x86)/atmel/avr tools/avr toolchain/bin/../lib/gcc/avr/4.5.1/../../../../avr/lib/avr5/crtm328p.o
                0x00000068                __init
 *(.init0)
 *(.init1)
 *(.init1)
 *(.init2)
 .init2         0x00000068        0xc c:/program files (x86)/atmel/avr tools/avr toolchain/bin/../lib/gcc/avr/4.5.1/../../../../avr/lib/avr5/crtm328p.o
 *(.init2)
 *(.init3)
 *(.init3)
 *(.init4)
 .init4         0x00000074       0x16 c:/program files (x86)/atmel/avr tools/avr toolchain/bin/../lib/gcc/avr/4.5.1/avr5\libgcc.a(_copy_data.o)
                0x00000074                __do_copy_data
 .init4         0x0000008a       0x10 c:/program files (x86)/atmel/avr tools/avr toolchain/bin/../lib/gcc/avr/4.5.1/avr5\libgcc.a(_clear_bss.o)
                0x0000008a                __do_clear_bss
 *(.init4)
 *(.init5)
 *(.init5)
 *(.init6)
 *(.init6)
 *(.init7)
 *(.init7)
 *(.init8)
 *(.init8)
 *(.init9)
 .init9         0x0000009a        0x8 c:/program files (x86)/atmel/avr tools/avr toolchain/bin/../lib/gcc/avr/4.5.1/../../../../avr/lib/avr5/crtm328p.o
 *(.init9)
 *(.text)
 .text          0x000000a2        0x4 c:/program files (x86)/atmel/avr tools/avr toolchain/bin/../lib/gcc/avr/4.5.1/../../../../avr/lib/avr5/crtm328p.o
                0x000000a2                __vector_22
                0x000000a2                __vector_1
                0x000000a2                __vector_24
                0x000000a2                __vector_12
                0x000000a2                __bad_interrupt
                0x000000a2                __vector_6
                0x000000a2                __vector_3
                0x000000a2                __vector_23
                0x000000a2                __vector_25
                0x000000a2                __vector_11
                0x000000a2                __vector_13
                0x000000a2                __vector_17
                0x000000a2                __vector_19
                0x000000a2                __vector_7
                0x000000a2                __vector_5
                0x000000a2                __vector_4
                0x000000a2                __vector_2
                0x000000a2                __vector_21
                0x000000a2                __vector_15
                0x000000a2                __vector_8
                0x000000a2                __vector_14
                0x000000a2                __vector_10
                0x000000a2                __vector_16
                0x000000a2                __vector_18
                0x000000a2                __vector_20
 .text          0x000000a6       0x5a termo_mvn.o
                0x000000a6                main
 .text          0x00000100       0x72 interface.o
                0x00000100                events_default
                0x00000124                run_menu
                0x00000144                run_main
                0x00000164                run_start
 .text          0x00000172      0x27c kbd.o
                0x00000230                KBD_getBut
                0x0000025a                KBD_init
                0x000002ac                KBD_poll
                0x000002d2                KBD_scan
 .text          0x000003ee      0x252 rtos.o
                0x000003ee                RTOS_init
                0x00000412                RTOS_setTask
                0x000004f8                RTOS_deleteTask
                0x00000562                RTOS_dispatchTask
                0x0000061c                __vector_9
 .text          0x00000640      0x26c max7219.o
                0x00000640                MAX7219_lookupCode
                0x00000656                MAX7219_SendByte
                0x00000674                MAX7219_SendCmd
                0x0000069c                MAX7219_updateDisplay
                0x000006cc                MAX7219_clearDisplay
                0x000006f2                MAX7219_Init
                0x0000072c                MAX7219_printNum
                0x00000834                MAX7219_printChar
                0x00000848                MAX7219_printStr
                0x0000088a                MAX7219_setCommaPos
 .text          0x000008ac      0x388 ds18x20.o
                0x000008ac                ds18x20IsOnBus
                0x0000097c                ds18x20SendByte
                0x00000a42                ds18x20GetByte
                0x00000af6                ds18x20GetAllTemps
                0x00000b92                ds18x20ConvertTemp
                0x00000bd8                ds18x20GetTemp
                0x00000c28                ds18x20GetDevCount
 .text          0x00000c34        0x0 c:/program files (x86)/atmel/avr tools/avr toolchain/bin/../lib/gcc/avr/4.5.1/avr5\libgcc.a(_divmodhi4.o)
 .text          0x00000c34        0x0 c:/program files (x86)/atmel/avr tools/avr toolchain/bin/../lib/gcc/avr/4.5.1/avr5\libgcc.a(_exit.o)
 .text          0x00000c34        0x0 c:/program files (x86)/atmel/avr tools/avr toolchain/bin/../lib/gcc/avr/4.5.1/avr5\libgcc.a(_copy_data.o)
 .text          0x00000c34        0x0 c:/program files (x86)/atmel/avr tools/avr toolchain/bin/../lib/gcc/avr/4.5.1/avr5\libgcc.a(_clear_bss.o)
 .text          0x00000c34        0x0 c:/program files (x86)/atmel/avr tools/avr toolchain/bin/../lib/gcc/avr/4.5.1/avr5\libgcc.a(_udivmodhi4.o)
                0x00000c34                . = ALIGN (0x2)
 *(.text.*)
 .text.libgcc   0x00000c34       0x26 c:/program files (x86)/atmel/avr tools/avr toolchain/bin/../lib/gcc/avr/4.5.1/avr5\libgcc.a(_divmodhi4.o)
                0x00000c34                _div
                0x00000c34                __divmodhi4
 .text.libgcc   0x00000c5a        0x0 c:/program files (x86)/atmel/avr tools/avr toolchain/bin/../lib/gcc/avr/4.5.1/avr5\libgcc.a(_exit.o)
 .text.libgcc   0x00000c5a        0x0 c:/program files (x86)/atmel/avr tools/avr toolchain/bin/../lib/gcc/avr/4.5.1/avr5\libgcc.a(_copy_data.o)
 .text.libgcc   0x00000c5a        0x0 c:/program files (x86)/atmel/avr tools/avr toolchain/bin/../lib/gcc/avr/4.5.1/avr5\libgcc.a(_clear_bss.o)
 .text.libgcc   0x00000c5a       0x28 c:/program files (x86)/atmel/avr tools/avr toolchain/bin/../lib/gcc/avr/4.5.1/avr5\libgcc.a(_udivmodhi4.o)
                0x00000c5a                __udivmodhi4
                0x00000c82                . = ALIGN (0x2)
 *(.fini9)
 .fini9         0x00000c82        0x0 c:/program files (x86)/atmel/avr tools/avr toolchain/bin/../lib/gcc/avr/4.5.1/avr5\libgcc.a(_exit.o)
                0x00000c82                _exit
                0x00000c82                exit
 *(.fini9)
 *(.fini8)
 *(.fini8)
 *(.fini7)
 *(.fini7)
 *(.fini6)
 *(.fini6)
 *(.fini5)
 *(.fini5)
 *(.fini4)
 *(.fini4)
 *(.fini3)
 *(.fini3)
 *(.fini2)
 *(.fini2)
 *(.fini1)
 *(.fini1)
 *(.fini0)
 .fini0         0x00000c82        0x4 c:/program files (x86)/atmel/avr tools/avr toolchain/bin/../lib/gcc/avr/4.5.1/avr5\libgcc.a(_exit.o)
 *(.fini0)
                0x00000c86                _etext = .

.data           0x00800100       0x68 load address 0x00000c86
                0x00800100                PROVIDE (__data_start, .)
 *(.data)
 .data          0x00800100        0x0 c:/program files (x86)/atmel/avr tools/avr toolchain/bin/../lib/gcc/avr/4.5.1/../../../../avr/lib/avr5/crtm328p.o
 .data          0x00800100        0x0 termo_mvn.o
 .data          0x00800100        0x0 interface.o
 .data          0x00800100        0x0 kbd.o
 .data          0x00800100        0x2 rtos.o
                0x00800100                pState
 .data          0x00800102       0x66 max7219.o
                0x00800102                digit_pin
                0x0080010a                buffer_display
 .data          0x00800168        0x0 ds18x20.o
 .data          0x00800168        0x0 c:/program files (x86)/atmel/avr tools/avr toolchain/bin/../lib/gcc/avr/4.5.1/avr5\libgcc.a(_divmodhi4.o)
 .data          0x00800168        0x0 c:/program files (x86)/atmel/avr tools/avr toolchain/bin/../lib/gcc/avr/4.5.1/avr5\libgcc.a(_exit.o)
 .data          0x00800168        0x0 c:/program files (x86)/atmel/avr tools/avr toolchain/bin/../lib/gcc/avr/4.5.1/avr5\libgcc.a(_copy_data.o)
 .data          0x00800168        0x0 c:/program files (x86)/atmel/avr tools/avr toolchain/bin/../lib/gcc/avr/4.5.1/avr5\libgcc.a(_clear_bss.o)
 .data          0x00800168        0x0 c:/program files (x86)/atmel/avr tools/avr toolchain/bin/../lib/gcc/avr/4.5.1/avr5\libgcc.a(_udivmodhi4.o)
 *(.data*)
 *(.rodata)
 *(.rodata*)
 *(.gnu.linkonce.d*)
                0x00800168                . = ALIGN (0x2)
                0x00800168                _edata = .
                0x00800168                PROVIDE (__data_end, .)

.bss            0x00800168       0xa2
                0x00800168                PROVIDE (__bss_start, .)
 *(.bss)
 .bss           0x00800168        0x0 c:/program files (x86)/atmel/avr tools/avr toolchain/bin/../lib/gcc/avr/4.5.1/../../../../avr/lib/avr5/crtm328p.o
 .bss           0x00800168        0x0 termo_mvn.o
 .bss           0x00800168        0x1 interface.o
                0x00800168                blink
 .bss           0x00800169       0x12 kbd.o
 .bss           0x0080017b       0x3e rtos.o
                0x0080017b                timerInterrupt
 .bss           0x008001b9        0x0 max7219.o
 .bss           0x008001b9       0x51 ds18x20.o
 .bss           0x0080020a        0x0 c:/program files (x86)/atmel/avr tools/avr toolchain/bin/../lib/gcc/avr/4.5.1/avr5\libgcc.a(_divmodhi4.o)
 .bss           0x0080020a        0x0 c:/program files (x86)/atmel/avr tools/avr toolchain/bin/../lib/gcc/avr/4.5.1/avr5\libgcc.a(_exit.o)
 .bss           0x0080020a        0x0 c:/program files (x86)/atmel/avr tools/avr toolchain/bin/../lib/gcc/avr/4.5.1/avr5\libgcc.a(_copy_data.o)
 .bss           0x0080020a        0x0 c:/program files (x86)/atmel/avr tools/avr toolchain/bin/../lib/gcc/avr/4.5.1/avr5\libgcc.a(_clear_bss.o)
 .bss           0x0080020a        0x0 c:/program files (x86)/atmel/avr tools/avr toolchain/bin/../lib/gcc/avr/4.5.1/avr5\libgcc.a(_udivmodhi4.o)
 *(.bss*)
 *(COMMON)
                0x0080020a                PROVIDE (__bss_end, .)
                0x00000c86                __data_load_start = LOADADDR (.data)
                0x00000cee                __data_load_end = (__data_load_start + SIZEOF (.data))

.noinit         0x0080020a        0x0
                0x0080020a                PROVIDE (__noinit_start, .)
 *(.noinit*)
                0x0080020a                PROVIDE (__noinit_end, .)
                0x0080020a                _end = .
                0x0080020a                PROVIDE (__heap_start, .)

.eeprom         0x00810000        0x0
 *(.eeprom*)
                0x00810000                __eeprom_end = .

.fuse
 *(.fuse)
 *(.lfuse)
 *(.hfuse)
 *(.efuse)

.lock
 *(.lock*)

.signature
 *(.signature*)

.stab           0x00000000      0x6cc
 *(.stab)
 .stab          0x00000000      0x6cc c:/program files (x86)/atmel/avr tools/avr toolchain/bin/../lib/gcc/avr/4.5.1/../../../../avr/lib/avr5/crtm328p.o

.stabstr        0x00000000       0x85
 *(.stabstr)
 .stabstr       0x00000000       0x85 c:/program files (x86)/atmel/avr tools/avr toolchain/bin/../lib/gcc/avr/4.5.1/../../../../avr/lib/avr5/crtm328p.o

.stab.excl
 *(.stab.excl)

.stab.exclstr
 *(.stab.exclstr)

.stab.index
 *(.stab.index)

.stab.indexstr
 *(.stab.indexstr)

.comment
 *(.comment)

.debug
 *(.debug)

.line
 *(.line)

.debug_srcinfo
 *(.debug_srcinfo)

.debug_sfnames
 *(.debug_sfnames)

.debug_aranges  0x00000000       0xc0
 *(.debug_aranges)
 .debug_aranges
                0x00000000       0x20 termo_mvn.o
 .debug_aranges
                0x00000020       0x20 interface.o
 .debug_aranges
                0x00000040       0x20 kbd.o
 .debug_aranges
                0x00000060       0x20 rtos.o
 .debug_aranges
                0x00000080       0x20 max7219.o
 .debug_aranges
                0x000000a0       0x20 ds18x20.o

.debug_pubnames
                0x00000000      0x2f5
 *(.debug_pubnames)
 .debug_pubnames
                0x00000000       0x1b termo_mvn.o
 .debug_pubnames
                0x0000001b       0x57 interface.o
 .debug_pubnames
                0x00000072       0x48 kbd.o
 .debug_pubnames
                0x000000ba       0x88 rtos.o
 .debug_pubnames
                0x00000142      0x10f max7219.o
 .debug_pubnames
                0x00000251       0xa4 ds18x20.o

.debug_info     0x00000000     0x1825
 *(.debug_info)
 .debug_info    0x00000000      0x162 termo_mvn.o
 .debug_info    0x00000162      0x121 interface.o
 .debug_info    0x00000283      0x52b kbd.o
 .debug_info    0x000007ae      0x232 rtos.o
 .debug_info    0x000009e0      0x31c max7219.o
 .debug_info    0x00000cfc      0xb29 ds18x20.o
 *(.gnu.linkonce.wi.*)

.debug_abbrev   0x00000000      0x7cb
 *(.debug_abbrev)
 .debug_abbrev  0x00000000       0xf5 termo_mvn.o
 .debug_abbrev  0x000000f5       0x72 interface.o
 .debug_abbrev  0x00000167      0x1e0 kbd.o
 .debug_abbrev  0x00000347      0x12f rtos.o
 .debug_abbrev  0x00000476      0x104 max7219.o
 .debug_abbrev  0x0000057a      0x251 ds18x20.o

.debug_line     0x00000000     0x1541
 *(.debug_line)
 .debug_line    0x00000000      0x1ca termo_mvn.o
 .debug_line    0x000001ca       0xce interface.o
 .debug_line    0x00000298      0x508 kbd.o
 .debug_line    0x000007a0      0x2c9 rtos.o
 .debug_line    0x00000a69      0x39a max7219.o
 .debug_line    0x00000e03      0x73e ds18x20.o

.debug_frame    0x00000000      0x270
 *(.debug_frame)
 .debug_frame   0x00000000       0x20 termo_mvn.o
 .debug_frame   0x00000020       0x50 interface.o
 .debug_frame   0x00000070       0x70 kbd.o
 .debug_frame   0x000000e0       0x60 rtos.o
 .debug_frame   0x00000140       0xb0 max7219.o
 .debug_frame   0x000001f0       0x80 ds18x20.o

.debug_str      0x00000000      0x450
 *(.debug_str)
 .debug_str     0x00000000       0xdd termo_mvn.o
                                0x116 (size before relaxing)
 .debug_str     0x000000dd       0x46 interface.o
                                 0xce (size before relaxing)
 .debug_str     0x00000123       0x8b kbd.o
                                0x187 (size before relaxing)
 .debug_str     0x000001ae       0xa4 rtos.o
                                0x13a (size before relaxing)
 .debug_str     0x00000252       0xfa max7219.o
                                0x1a0 (size before relaxing)
 .debug_str     0x0000034c      0x104 ds18x20.o
                                0x1ef (size before relaxing)

.debug_loc      0x00000000     0x13b8
 *(.debug_loc)
 .debug_loc     0x00000000       0x57 interface.o
 .debug_loc     0x00000057      0x51b kbd.o
 .debug_loc     0x00000572      0x12b rtos.o
 .debug_loc     0x0000069d      0x34a max7219.o
 .debug_loc     0x000009e7      0x9d1 ds18x20.o

.debug_macinfo
 *(.debug_macinfo)
OUTPUT(termo_mvn.elf elf32-avr)
LOAD linker stubs

.debug_pubtypes
                0x00000000      0x116
 .debug_pubtypes
                0x00000000       0x38 termo_mvn.o
 .debug_pubtypes
                0x00000038       0x12 interface.o
 .debug_pubtypes
                0x0000004a       0x38 kbd.o
 .debug_pubtypes
                0x00000082       0x30 rtos.o
 .debug_pubtypes
                0x000000b2       0x1e max7219.o
 .debug_pubtypes
                0x000000d0       0x46 ds18x20.o

.debug_ranges   0x00000000       0x30
 .debug_ranges  0x00000000       0x30 ds18x20.o
