Archive member included because of file (symbol)

c:/program files (x86)/atmel/avr tools/avr toolchain/bin/../lib/gcc/avr/4.5.1/avr5\libgcc.a(_divmodhi4.o)
                              max7219.o (__divmodhi4)
c:/program files (x86)/atmel/avr tools/avr toolchain/bin/../lib/gcc/avr/4.5.1/avr5\libgcc.a(_exit.o)
                              c:/program files (x86)/atmel/avr tools/avr toolchain/bin/../lib/gcc/avr/4.5.1/../../../../avr/lib/avr5/crtm328p.o (exit)
c:/program files (x86)/atmel/avr tools/avr toolchain/bin/../lib/gcc/avr/4.5.1/avr5\libgcc.a(_copy_data.o)
                              interface.o (__do_copy_data)
c:/program files (x86)/atmel/avr tools/avr toolchain/bin/../lib/gcc/avr/4.5.1/avr5\libgcc.a(_clear_bss.o)
                              interface.o (__do_clear_bss)
c:/program files (x86)/atmel/avr tools/avr toolchain/bin/../lib/gcc/avr/4.5.1/avr5\libgcc.a(_udivmodhi4.o)
                              c:/program files (x86)/atmel/avr tools/avr toolchain/bin/../lib/gcc/avr/4.5.1/avr5\libgcc.a(_divmodhi4.o) (__udivmodhi4)
c:/program files (x86)/atmel/avr tools/avr toolchain/bin/../lib/gcc/avr/4.5.1/../../../../avr/lib/avr5\libc.a(eerd_byte_atmega328p.o)
                              interface.o (__eerd_byte_m328p)
c:/program files (x86)/atmel/avr tools/avr toolchain/bin/../lib/gcc/avr/4.5.1/../../../../avr/lib/avr5\libc.a(eerd_word_atmega328p.o)
                              interface.o (__eerd_word_m328p)
c:/program files (x86)/atmel/avr tools/avr toolchain/bin/../lib/gcc/avr/4.5.1/../../../../avr/lib/avr5\libc.a(eewr_byte_atmega328p.o)
                              interface.o (__eewr_byte_m328p)
c:/program files (x86)/atmel/avr tools/avr toolchain/bin/../lib/gcc/avr/4.5.1/../../../../avr/lib/avr5\libc.a(eewr_word_atmega328p.o)
                              interface.o (__eewr_word_m328p)
c:/program files (x86)/atmel/avr tools/avr toolchain/bin/../lib/gcc/avr/4.5.1/../../../../avr/lib/avr5\libc.a(eerd_block_atmega328p.o)
                              c:/program files (x86)/atmel/avr tools/avr toolchain/bin/../lib/gcc/avr/4.5.1/../../../../avr/lib/avr5\libc.a(eerd_word_atmega328p.o) (__eerd_blraw_m328p)

Memory Configuration

Name             Origin             Length             Attributes
text             0x00000000         0x00020000         xr
data             0x00800060         0x0000ffa0         rw !x
eeprom           0x00810000         0x00010000         rw !x
fuse             0x00820000         0x00000400         rw !x
lock             0x00830000         0x00000400         rw !x
signature        0x00840000         0x00000400         rw !x
*default*        0x00000000         0xffffffff

Linker script and memory map

Address of section .data set to 0x800100
LOAD c:/program files (x86)/atmel/avr tools/avr toolchain/bin/../lib/gcc/avr/4.5.1/../../../../avr/lib/avr5/crtm328p.o
LOAD termo_mvn.o
LOAD interface.o
LOAD kbd.o
LOAD rtos.o
LOAD max7219.o
LOAD ds18x20.o
LOAD c:/program files (x86)/atmel/avr tools/avr toolchain/bin/../lib/gcc/avr/4.5.1/avr5\libgcc.a
LOAD c:/program files (x86)/atmel/avr tools/avr toolchain/bin/../lib/gcc/avr/4.5.1/../../../../avr/lib/avr5\libc.a
LOAD c:/program files (x86)/atmel/avr tools/avr toolchain/bin/../lib/gcc/avr/4.5.1/avr5\libgcc.a

.hash
 *(.hash)

.dynsym
 *(.dynsym)

.dynstr
 *(.dynstr)

.gnu.version
 *(.gnu.version)

.gnu.version_d
 *(.gnu.version_d)

.gnu.version_r
 *(.gnu.version_r)

.rel.init
 *(.rel.init)

.rela.init
 *(.rela.init)

.rel.text
 *(.rel.text)
 *(.rel.text.*)
 *(.rel.gnu.linkonce.t*)

.rela.text
 *(.rela.text)
 *(.rela.text.*)
 *(.rela.gnu.linkonce.t*)

.rel.fini
 *(.rel.fini)

.rela.fini
 *(.rela.fini)

.rel.rodata
 *(.rel.rodata)
 *(.rel.rodata.*)
 *(.rel.gnu.linkonce.r*)

.rela.rodata
 *(.rela.rodata)
 *(.rela.rodata.*)
 *(.rela.gnu.linkonce.r*)

.rel.data
 *(.rel.data)
 *(.rel.data.*)
 *(.rel.gnu.linkonce.d*)

.rela.data
 *(.rela.data)
 *(.rela.data.*)
 *(.rela.gnu.linkonce.d*)

.rel.ctors
 *(.rel.ctors)

.rela.ctors
 *(.rela.ctors)

.rel.dtors
 *(.rel.dtors)

.rela.dtors
 *(.rela.dtors)

.rel.got
 *(.rel.got)

.rela.got
 *(.rela.got)

.rel.bss
 *(.rel.bss)

.rela.bss
 *(.rela.bss)

.rel.plt
 *(.rel.plt)

.rela.plt
 *(.rela.plt)

.text           0x00000000     0x195c
 *(.vectors)
 .vectors       0x00000000       0x68 c:/program files (x86)/atmel/avr tools/avr toolchain/bin/../lib/gcc/avr/4.5.1/../../../../avr/lib/avr5/crtm328p.o
                0x00000000                __vector_default
                0x00000000                __vectors
 *(.vectors)
 *(.progmem.gcc*)
 *(.progmem*)
                0x00000068                . = ALIGN (0x2)
                0x00000068                __trampolines_start = .
 *(.trampolines)
 .trampolines   0x00000068        0x0 linker stubs
 *(.trampolines*)
                0x00000068                __trampolines_end = .
 *(.jumptables)
 *(.jumptables*)
 *(.lowtext)
 *(.lowtext*)
                0x00000068                __ctors_start = .
 *(.ctors)
                0x00000068                __ctors_end = .
                0x00000068                __dtors_start = .
 *(.dtors)
                0x00000068                __dtors_end = .
 SORT(*)(.ctors)
 SORT(*)(.dtors)
 *(.init0)
 .init0         0x00000068        0x0 c:/program files (x86)/atmel/avr tools/avr toolchain/bin/../lib/gcc/avr/4.5.1/../../../../avr/lib/avr5/crtm328p.o
                0x00000068                __init
 *(.init0)
 *(.init1)
 *(.init1)
 *(.init2)
 .init2         0x00000068        0xc c:/program files (x86)/atmel/avr tools/avr toolchain/bin/../lib/gcc/avr/4.5.1/../../../../avr/lib/avr5/crtm328p.o
 *(.init2)
 *(.init3)
 *(.init3)
 *(.init4)
 .init4         0x00000074       0x16 c:/program files (x86)/atmel/avr tools/avr toolchain/bin/../lib/gcc/avr/4.5.1/avr5\libgcc.a(_copy_data.o)
                0x00000074                __do_copy_data
 .init4         0x0000008a       0x10 c:/program files (x86)/atmel/avr tools/avr toolchain/bin/../lib/gcc/avr/4.5.1/avr5\libgcc.a(_clear_bss.o)
                0x0000008a                __do_clear_bss
 *(.init4)
 *(.init5)
 *(.init5)
 *(.init6)
 *(.init6)
 *(.init7)
 *(.init7)
 *(.init8)
 *(.init8)
 *(.init9)
 .init9         0x0000009a        0x8 c:/program files (x86)/atmel/avr tools/avr toolchain/bin/../lib/gcc/avr/4.5.1/../../../../avr/lib/avr5/crtm328p.o
 *(.init9)
 *(.text)
 .text          0x000000a2        0x4 c:/program files (x86)/atmel/avr tools/avr toolchain/bin/../lib/gcc/avr/4.5.1/../../../../avr/lib/avr5/crtm328p.o
                0x000000a2                __vector_22
                0x000000a2                __vector_1
                0x000000a2                __vector_24
                0x000000a2                __vector_12
                0x000000a2                __bad_interrupt
                0x000000a2                __vector_6
                0x000000a2                __vector_3
                0x000000a2                __vector_23
                0x000000a2                __vector_25
                0x000000a2                __vector_11
                0x000000a2                __vector_13
                0x000000a2                __vector_17
                0x000000a2                __vector_19
                0x000000a2                __vector_7
                0x000000a2                __vector_5
                0x000000a2                __vector_4
                0x000000a2                __vector_2
                0x000000a2                __vector_21
                0x000000a2                __vector_15
                0x000000a2                __vector_8
                0x000000a2                __vector_14
                0x000000a2                __vector_10
                0x000000a2                __vector_16
                0x000000a2                __vector_18
                0x000000a2                __vector_20
 .text          0x000000a6       0x7c termo_mvn.o
                0x000000a6                main
 .text          0x00000122      0xd92 interface.o
                0x00000122                print_temperature
                0x0000015e                check_temp
                0x00000202                DS18x20_scan
                0x00000290                events_default
                0x000002ba                run_start
                0x000004ae                save_max_temp_1
                0x000004ba                save_max_temp_2
                0x000004c6                save_min_temp_1
                0x000004d2                save_min_temp_2
                0x000004de                load_max_temp_1
                0x000004f0                load_min_temp_1
                0x00000502                load_max_temp_2
                0x00000514                load_min_temp_2
                0x00000526                save_brightnes
                0x00000532                load_brightnes
                0x0000054e                save_type_1
                0x0000055a                load_type1
                0x0000056c                save_type_2
                0x00000578                load_type2
                0x0000058a                show_menu
                0x000005a4                run_error
                0x00000642                run_set_brightnes
                0x0000071c                run_menu
                0x000008b8                run_main
                0x000009f4                show_set_temp
                0x00000af8                run_set_2
                0x00000cd6                run_set_1
 .text          0x00000eb4      0x18c kbd.o
                0x00000eb4                KBD_init
                0x00000ec8                KBD_set_type
                0x00000ece                debounce_sw_plus
                0x00000f10                debounce_sw_set
                0x00000f52                debounce_sw_minus
                0x00000f94                KBD_scan
 .text          0x00001040      0x252 rtos.o
                0x00001040                RTOS_init
                0x00001064                RTOS_setTask
                0x0000114a                RTOS_deleteTask
                0x000011b4                RTOS_dispatchTask
                0x0000126e                __vector_9
 .text          0x00001292      0x278 max7219.o
                0x00001292                MAX7219_lookupCode
                0x000012a8                MAX7219_SendByte
                0x000012c6                MAX7219_SendCmd
                0x000012ee                MAX7219_updateDisplay
                0x0000131e                MAX7219_clearDisplay
                0x00001344                MAX7219_Init
                0x0000137e                MAX7219_printNum
                0x00001486                MAX7219_printChar
                0x000014a6                MAX7219_printStr
                0x000014e8                MAX7219_setCommaPos
 .text          0x0000150a      0x39e ds18x20.o
                0x0000150a                ds18x20IsOnBus
                0x000015e4                ds18x20SendByte
                0x000016aa                ds18x20GetByte
                0x00001752                ds18x20ReadStratchPad
                0x000017d2                ds18x20ConvertTemp
                0x00001820                ds18x20GetTemp
                0x00001890                ds18x20GetDevCount
                0x0000189c                ds18x20SetDevCount
 .text          0x000018a8        0x0 c:/program files (x86)/atmel/avr tools/avr toolchain/bin/../lib/gcc/avr/4.5.1/avr5\libgcc.a(_divmodhi4.o)
 .text          0x000018a8        0x0 c:/program files (x86)/atmel/avr tools/avr toolchain/bin/../lib/gcc/avr/4.5.1/avr5\libgcc.a(_exit.o)
 .text          0x000018a8        0x0 c:/program files (x86)/atmel/avr tools/avr toolchain/bin/../lib/gcc/avr/4.5.1/avr5\libgcc.a(_copy_data.o)
 .text          0x000018a8        0x0 c:/program files (x86)/atmel/avr tools/avr toolchain/bin/../lib/gcc/avr/4.5.1/avr5\libgcc.a(_clear_bss.o)
 .text          0x000018a8        0x0 c:/program files (x86)/atmel/avr tools/avr toolchain/bin/../lib/gcc/avr/4.5.1/avr5\libgcc.a(_udivmodhi4.o)
 .text          0x000018a8        0x0 c:/program files (x86)/atmel/avr tools/avr toolchain/bin/../lib/gcc/avr/4.5.1/../../../../avr/lib/avr5\libc.a(eerd_byte_atmega328p.o)
 .text          0x000018a8        0x0 c:/program files (x86)/atmel/avr tools/avr toolchain/bin/../lib/gcc/avr/4.5.1/../../../../avr/lib/avr5\libc.a(eerd_word_atmega328p.o)
 .text          0x000018a8        0x0 c:/program files (x86)/atmel/avr tools/avr toolchain/bin/../lib/gcc/avr/4.5.1/../../../../avr/lib/avr5\libc.a(eewr_byte_atmega328p.o)
 .text          0x000018a8        0x0 c:/program files (x86)/atmel/avr tools/avr toolchain/bin/../lib/gcc/avr/4.5.1/../../../../avr/lib/avr5\libc.a(eewr_word_atmega328p.o)
 .text          0x000018a8        0x0 c:/program files (x86)/atmel/avr tools/avr toolchain/bin/../lib/gcc/avr/4.5.1/../../../../avr/lib/avr5\libc.a(eerd_block_atmega328p.o)
                0x000018a8                . = ALIGN (0x2)
 *(.text.*)
 .text.libgcc   0x000018a8       0x26 c:/program files (x86)/atmel/avr tools/avr toolchain/bin/../lib/gcc/avr/4.5.1/avr5\libgcc.a(_divmodhi4.o)
                0x000018a8                _div
                0x000018a8                __divmodhi4
 .text.libgcc   0x000018ce        0x0 c:/program files (x86)/atmel/avr tools/avr toolchain/bin/../lib/gcc/avr/4.5.1/avr5\libgcc.a(_exit.o)
 .text.libgcc   0x000018ce        0x0 c:/program files (x86)/atmel/avr tools/avr toolchain/bin/../lib/gcc/avr/4.5.1/avr5\libgcc.a(_copy_data.o)
 .text.libgcc   0x000018ce        0x0 c:/program files (x86)/atmel/avr tools/avr toolchain/bin/../lib/gcc/avr/4.5.1/avr5\libgcc.a(_clear_bss.o)
 .text.libgcc   0x000018ce       0x28 c:/program files (x86)/atmel/avr tools/avr toolchain/bin/../lib/gcc/avr/4.5.1/avr5\libgcc.a(_udivmodhi4.o)
                0x000018ce                __udivmodhi4
 .text.avr-libc
                0x000018f6       0x10 c:/program files (x86)/atmel/avr tools/avr toolchain/bin/../lib/gcc/avr/4.5.1/../../../../avr/lib/avr5\libc.a(eerd_byte_atmega328p.o)
                0x000018f6                __eerd_byte_m328p
 .text.avr-libc
                0x00001906        0xc c:/program files (x86)/atmel/avr tools/avr toolchain/bin/../lib/gcc/avr/4.5.1/../../../../avr/lib/avr5\libc.a(eerd_word_atmega328p.o)
                0x00001906                __eerd_word_m328p
 .text.avr-libc
                0x00001912       0x1c c:/program files (x86)/atmel/avr tools/avr toolchain/bin/../lib/gcc/avr/4.5.1/../../../../avr/lib/avr5\libc.a(eewr_byte_atmega328p.o)
                0x00001912                __eewr_byte_m328p
                0x00001914                __eewr_r18_m328p
 .text.avr-libc
                0x0000192e        0xa c:/program files (x86)/atmel/avr tools/avr toolchain/bin/../lib/gcc/avr/4.5.1/../../../../avr/lib/avr5\libc.a(eewr_word_atmega328p.o)
                0x0000192e                __eewr_word_m328p
 .text.avr-libc
                0x00001938       0x20 c:/program files (x86)/atmel/avr tools/avr toolchain/bin/../lib/gcc/avr/4.5.1/../../../../avr/lib/avr5\libc.a(eerd_block_atmega328p.o)
                0x00001938                __eerd_block_m328p
                0x0000193c                __eerd_blraw_m328p
                0x00001958                . = ALIGN (0x2)
 *(.fini9)
 .fini9         0x00001958        0x0 c:/program files (x86)/atmel/avr tools/avr toolchain/bin/../lib/gcc/avr/4.5.1/avr5\libgcc.a(_exit.o)
                0x00001958                _exit
                0x00001958                exit
 *(.fini9)
 *(.fini8)
 *(.fini8)
 *(.fini7)
 *(.fini7)
 *(.fini6)
 *(.fini6)
 *(.fini5)
 *(.fini5)
 *(.fini4)
 *(.fini4)
 *(.fini3)
 *(.fini3)
 *(.fini2)
 *(.fini2)
 *(.fini1)
 *(.fini1)
 *(.fini0)
 .fini0         0x00001958        0x4 c:/program files (x86)/atmel/avr tools/avr toolchain/bin/../lib/gcc/avr/4.5.1/avr5\libgcc.a(_exit.o)
 *(.fini0)
                0x0000195c                _etext = .

.data           0x00800100       0xa6 load address 0x0000195c
                0x00800100                PROVIDE (__data_start, .)
 *(.data)
 .data          0x00800100        0x0 c:/program files (x86)/atmel/avr tools/avr toolchain/bin/../lib/gcc/avr/4.5.1/../../../../avr/lib/avr5/crtm328p.o
 .data          0x00800100        0x0 termo_mvn.o
 .data          0x00800100       0x3c interface.o
                0x0080012a                setmenu
                0x00800132                blink
                0x00800133                blink05
                0x00800134                wait_menu
                0x00800135                error_cnt
                0x00800136                brightnes
                0x00800137                types
                0x00800139                status
 .data          0x0080013c        0x1 kbd.o
                0x0080013c                kbd_type
 .data          0x0080013d        0x2 rtos.o
                0x0080013d                pState
 .data          0x0080013f       0x66 max7219.o
                0x0080013f                digit_pin
                0x00800147                buffer_display
 .data          0x008001a5        0x0 ds18x20.o
 .data          0x008001a5        0x0 c:/program files (x86)/atmel/avr tools/avr toolchain/bin/../lib/gcc/avr/4.5.1/avr5\libgcc.a(_divmodhi4.o)
 .data          0x008001a5        0x0 c:/program files (x86)/atmel/avr tools/avr toolchain/bin/../lib/gcc/avr/4.5.1/avr5\libgcc.a(_exit.o)
 .data          0x008001a5        0x0 c:/program files (x86)/atmel/avr tools/avr toolchain/bin/../lib/gcc/avr/4.5.1/avr5\libgcc.a(_copy_data.o)
 .data          0x008001a5        0x0 c:/program files (x86)/atmel/avr tools/avr toolchain/bin/../lib/gcc/avr/4.5.1/avr5\libgcc.a(_clear_bss.o)
 .data          0x008001a5        0x0 c:/program files (x86)/atmel/avr tools/avr toolchain/bin/../lib/gcc/avr/4.5.1/avr5\libgcc.a(_udivmodhi4.o)
 .data          0x008001a5        0x0 c:/program files (x86)/atmel/avr tools/avr toolchain/bin/../lib/gcc/avr/4.5.1/../../../../avr/lib/avr5\libc.a(eerd_byte_atmega328p.o)
 .data          0x008001a5        0x0 c:/program files (x86)/atmel/avr tools/avr toolchain/bin/../lib/gcc/avr/4.5.1/../../../../avr/lib/avr5\libc.a(eerd_word_atmega328p.o)
 .data          0x008001a5        0x0 c:/program files (x86)/atmel/avr tools/avr toolchain/bin/../lib/gcc/avr/4.5.1/../../../../avr/lib/avr5\libc.a(eewr_byte_atmega328p.o)
 .data          0x008001a5        0x0 c:/program files (x86)/atmel/avr tools/avr toolchain/bin/../lib/gcc/avr/4.5.1/../../../../avr/lib/avr5\libc.a(eewr_word_atmega328p.o)
 .data          0x008001a5        0x0 c:/program files (x86)/atmel/avr tools/avr toolchain/bin/../lib/gcc/avr/4.5.1/../../../../avr/lib/avr5\libc.a(eerd_block_atmega328p.o)
 *(.data*)
 *(.rodata)
 *(.rodata*)
 *(.gnu.linkonce.d*)
                0x008001a6                . = ALIGN (0x2)
 *fill*         0x008001a5        0x1 00
                0x008001a6                _edata = .
                0x008001a6                PROVIDE (__data_end, .)

.bss            0x008001a6       0xab
                0x008001a6                PROVIDE (__bss_start, .)
 *(.bss)
 .bss           0x008001a6        0x0 c:/program files (x86)/atmel/avr tools/avr toolchain/bin/../lib/gcc/avr/4.5.1/../../../../avr/lib/avr5/crtm328p.o
 .bss           0x008001a6        0x0 termo_mvn.o
 .bss           0x008001a6        0xe interface.o
                0x008001a6                ds_count
                0x008001a7                one_sensor_flag
                0x008001a8                dscount
                0x008001a9                temps
                0x008001b1                m_menu
                0x008001b2                n_edit
 .bss           0x008001b4        0x6 kbd.o
 .bss           0x008001ba       0x62 rtos.o
                0x008001ba                timerInterrupt
 .bss           0x0080021c        0x0 max7219.o
 .bss           0x0080021c       0x35 ds18x20.o
 .bss           0x00800251        0x0 c:/program files (x86)/atmel/avr tools/avr toolchain/bin/../lib/gcc/avr/4.5.1/avr5\libgcc.a(_divmodhi4.o)
 .bss           0x00800251        0x0 c:/program files (x86)/atmel/avr tools/avr toolchain/bin/../lib/gcc/avr/4.5.1/avr5\libgcc.a(_exit.o)
 .bss           0x00800251        0x0 c:/program files (x86)/atmel/avr tools/avr toolchain/bin/../lib/gcc/avr/4.5.1/avr5\libgcc.a(_copy_data.o)
 .bss           0x00800251        0x0 c:/program files (x86)/atmel/avr tools/avr toolchain/bin/../lib/gcc/avr/4.5.1/avr5\libgcc.a(_clear_bss.o)
 .bss           0x00800251        0x0 c:/program files (x86)/atmel/avr tools/avr toolchain/bin/../lib/gcc/avr/4.5.1/avr5\libgcc.a(_udivmodhi4.o)
 .bss           0x00800251        0x0 c:/program files (x86)/atmel/avr tools/avr toolchain/bin/../lib/gcc/avr/4.5.1/../../../../avr/lib/avr5\libc.a(eerd_byte_atmega328p.o)
 .bss           0x00800251        0x0 c:/program files (x86)/atmel/avr tools/avr toolchain/bin/../lib/gcc/avr/4.5.1/../../../../avr/lib/avr5\libc.a(eerd_word_atmega328p.o)
 .bss           0x00800251        0x0 c:/program files (x86)/atmel/avr tools/avr toolchain/bin/../lib/gcc/avr/4.5.1/../../../../avr/lib/avr5\libc.a(eewr_byte_atmega328p.o)
 .bss           0x00800251        0x0 c:/program files (x86)/atmel/avr tools/avr toolchain/bin/../lib/gcc/avr/4.5.1/../../../../avr/lib/avr5\libc.a(eewr_word_atmega328p.o)
 .bss           0x00800251        0x0 c:/program files (x86)/atmel/avr tools/avr toolchain/bin/../lib/gcc/avr/4.5.1/../../../../avr/lib/avr5\libc.a(eerd_block_atmega328p.o)
 *(.bss*)
 *(COMMON)
                0x00800251                PROVIDE (__bss_end, .)
                0x0000195c                __data_load_start = LOADADDR (.data)
                0x00001a02                __data_load_end = (__data_load_start + SIZEOF (.data))

.noinit         0x00800251        0x0
                0x00800251                PROVIDE (__noinit_start, .)
 *(.noinit*)
                0x00800251                PROVIDE (__noinit_end, .)
                0x00800251                _end = .
                0x00800251                PROVIDE (__heap_start, .)

.eeprom         0x00810000        0x0
 *(.eeprom*)
                0x00810000                __eeprom_end = .

.fuse
 *(.fuse)
 *(.lfuse)
 *(.hfuse)
 *(.efuse)

.lock
 *(.lock*)

.signature
 *(.signature*)

.stab           0x00000000      0xa08
 *(.stab)
 .stab          0x00000000      0x6cc c:/program files (x86)/atmel/avr tools/avr toolchain/bin/../lib/gcc/avr/4.5.1/../../../../avr/lib/avr5/crtm328p.o
 .stab          0x000006cc       0x90 c:/program files (x86)/atmel/avr tools/avr toolchain/bin/../lib/gcc/avr/4.5.1/../../../../avr/lib/avr5\libc.a(eerd_byte_atmega328p.o)
                                 0x9c (size before relaxing)
 .stab          0x0000075c       0x6c c:/program files (x86)/atmel/avr tools/avr toolchain/bin/../lib/gcc/avr/4.5.1/../../../../avr/lib/avr5\libc.a(eerd_word_atmega328p.o)
                                 0x78 (size before relaxing)
 .stab          0x000007c8       0xe4 c:/program files (x86)/atmel/avr tools/avr toolchain/bin/../lib/gcc/avr/4.5.1/../../../../avr/lib/avr5\libc.a(eewr_byte_atmega328p.o)
                                 0xf0 (size before relaxing)
 .stab          0x000008ac       0x54 c:/program files (x86)/atmel/avr tools/avr toolchain/bin/../lib/gcc/avr/4.5.1/../../../../avr/lib/avr5\libc.a(eewr_word_atmega328p.o)
                                 0x60 (size before relaxing)
 .stab          0x00000900      0x108 c:/program files (x86)/atmel/avr tools/avr toolchain/bin/../lib/gcc/avr/4.5.1/../../../../avr/lib/avr5\libc.a(eerd_block_atmega328p.o)
                                0x114 (size before relaxing)

.stabstr        0x00000000      0x275
 *(.stabstr)
 .stabstr       0x00000000      0x275 c:/program files (x86)/atmel/avr tools/avr toolchain/bin/../lib/gcc/avr/4.5.1/../../../../avr/lib/avr5/crtm328p.o

.stab.excl
 *(.stab.excl)

.stab.exclstr
 *(.stab.exclstr)

.stab.index
 *(.stab.index)

.stab.indexstr
 *(.stab.indexstr)

.comment
 *(.comment)

.debug
 *(.debug)

.line
 *(.line)

.debug_srcinfo
 *(.debug_srcinfo)

.debug_sfnames
 *(.debug_sfnames)

.debug_aranges  0x00000000       0xc0
 *(.debug_aranges)
 .debug_aranges
                0x00000000       0x20 termo_mvn.o
 .debug_aranges
                0x00000020       0x20 interface.o
 .debug_aranges
                0x00000040       0x20 kbd.o
 .debug_aranges
                0x00000060       0x20 rtos.o
 .debug_aranges
                0x00000080       0x20 max7219.o
 .debug_aranges
                0x000000a0       0x20 ds18x20.o

.debug_pubnames
                0x00000000      0x58e
 *(.debug_pubnames)
 .debug_pubnames
                0x00000000       0x1b termo_mvn.o
 .debug_pubnames
                0x0000001b      0x295 interface.o
 .debug_pubnames
                0x000002b0       0x89 kbd.o
 .debug_pubnames
                0x00000339       0x88 rtos.o
 .debug_pubnames
                0x000003c1      0x10f max7219.o
 .debug_pubnames
                0x000004d0       0xbe ds18x20.o

.debug_info     0x00000000     0x1c01
 *(.debug_info)
 .debug_info    0x00000000       0x90 termo_mvn.o
 .debug_info    0x00000090      0x793 interface.o
 .debug_info    0x00000823      0x2f6 kbd.o
 .debug_info    0x00000b19      0x232 rtos.o
 .debug_info    0x00000d4b      0x327 max7219.o
 .debug_info    0x00001072      0xb8f ds18x20.o
 *(.gnu.linkonce.wi.*)

.debug_abbrev   0x00000000      0x7b6
 *(.debug_abbrev)
 .debug_abbrev  0x00000000       0x4e termo_mvn.o
 .debug_abbrev  0x0000004e      0x17e interface.o
 .debug_abbrev  0x000001cc      0x16b kbd.o
 .debug_abbrev  0x00000337      0x12f rtos.o
 .debug_abbrev  0x00000466      0x104 max7219.o
 .debug_abbrev  0x0000056a      0x24c ds18x20.o

.debug_line     0x00000000     0x2062
 *(.debug_line)
 .debug_line    0x00000000      0x162 termo_mvn.o
 .debug_line    0x00000162      0xe54 interface.o
 .debug_line    0x00000fb6      0x301 kbd.o
 .debug_line    0x000012b7      0x2c9 rtos.o
 .debug_line    0x00001580      0x3a2 max7219.o
 .debug_line    0x00001922      0x740 ds18x20.o

.debug_frame    0x00000000      0x3f0
 *(.debug_frame)
 .debug_frame   0x00000000       0x20 termo_mvn.o
 .debug_frame   0x00000020      0x1c0 interface.o
 .debug_frame   0x000001e0       0x70 kbd.o
 .debug_frame   0x00000250       0x60 rtos.o
 .debug_frame   0x000002b0       0xb0 max7219.o
 .debug_frame   0x00000360       0x90 ds18x20.o

.debug_str      0x00000000      0x5ff
 *(.debug_str)
 .debug_str     0x00000000       0x77 termo_mvn.o
                                 0xb0 (size before relaxing)
 .debug_str     0x00000077      0x20f interface.o
                                0x2bb (size before relaxing)
 .debug_str     0x00000286       0xd6 kbd.o
                                0x16f (size before relaxing)
 .debug_str     0x0000035c       0x98 rtos.o
                                0x13a (size before relaxing)
 .debug_str     0x000003f4       0xf1 max7219.o
                                0x1a4 (size before relaxing)
 .debug_str     0x000004e5      0x11a ds18x20.o
                                0x210 (size before relaxing)

.debug_loc      0x00000000     0x1385
 *(.debug_loc)
 .debug_loc     0x00000000      0x3e2 interface.o
 .debug_loc     0x000003e2      0x120 kbd.o
 .debug_loc     0x00000502      0x12b rtos.o
 .debug_loc     0x0000062d      0x355 max7219.o
 .debug_loc     0x00000982      0xa03 ds18x20.o

.debug_macinfo
 *(.debug_macinfo)
OUTPUT(termo_mvn.elf elf32-avr)
LOAD linker stubs

.debug_pubtypes
                0x00000000      0x13a
 .debug_pubtypes
                0x00000000       0x1e termo_mvn.o
 .debug_pubtypes
                0x0000001e       0x37 interface.o
 .debug_pubtypes
                0x00000055       0x38 kbd.o
 .debug_pubtypes
                0x0000008d       0x30 rtos.o
 .debug_pubtypes
                0x000000bd       0x2a max7219.o
 .debug_pubtypes
                0x000000e7       0x53 ds18x20.o
